[    0.00000] Lix ersion4.15.065-gerc (bil@lgw-ad64-00 (ccerion 7..0 Ubntu 7.4.0-1ubuntu~1.04.))74-Uuntu SMP Tue Sep 17 17:06:04 UTC 2019 (Ubuntu 4.15.0-65.74-generic 4.15.18)
[    0.000000] Command line: BOOT_IMAGE=/boot/vmlinuz-4.15.0-65-generic root=LABEL=cloudimg-rootfs ro console=tty1 console=ttyS0
[    0.000000] KERNEL supported cpus:
[    0.000000]   Intel GenuineIntel
[    0.000000]   AMD AuthenticAMD
[    0.000000]   Centaur CentaurHauls
[    0.000000] x86/fpu: Supporting XSAVE feature 0x001: 'x87 floating point registers'
[    0.000000] x86/fpu: Supporting XSAVE feature 0x002: 'SSE registers'
[    0.000000] x86/fpu: Supporting XSAVE feature 0x004: 'AVX registers'
[    0.000000] x86/fpu: xstate_offset[2]:  576, xstate_sizes[2]:  256
[    0.000000] x86/fpu: Enabled xstate features 0x7, context size is 832 bytes, using 'standard' format.
[    0.000000] e820: BIOS-provided physical RAM map:
[    0.000000] BIOS-e820: [mem 0x0000000000000000-0x000000000009fbff] usable
[    0.000000] BIOS-e820: [mem 0x000000000009fc00-0x000000000009ffff] reserved
[    0.000000] BIOS-e820: [mem 0x00000000000f0000-0x00000000000fffff] reserved
[    0.000000] BIOS-e820: [mem 0x0000000000100000-0x000000003ffeffff] usable
[    0.000000] BIOS-e820: [mem 0x000000003fff0000-0x000000003fffffff] ACPI data
[    0.000000] BIOS-e820: [mem 0x00000000fec00000-0x00000000fec00fff] reserved
[    0.000000] BIOS-e820: [mem 0x00000000fee00000-0x00000000fee00fff] reserved
[    0.000000] BIOS-e820: [mem 0x00000000fffc0000-0x00000000ffffffff] reserved
[    0.000000] NX (Execute Disable) protection: active
[    0.000000] SMBIOS 2.5 present.
[    0.000000] DMI: innotek GmbH VirtualBox/VirtualBox, BIOS VirtualBox 12/01/2006
[    0.000000] Hypervisor detected: KVM
[    0.000000] e820: last_pfn = 0x3fff0 max_arch_pfn = 0x400000000
[    0.000000] MTRR: Disabled
[    0.000000] x86/PAT: MTRRs disabled, skipping PAT initialization too.
[    0.000000] CPU MTRRs all blank - virtualized system.
[    0.000000] x86/PAT: Configuration [0-7]: WB  WT  UC- UC  WB  WT  UC- UC
    00000]oud SM Mtablat[memx009fff0-0x0009ffff]
[  0.00000] canning 1aras for low memorcoruptn
[    0.0000 RAIS: [me0x597000x36cbff]
[    0.00000] CPI: Early table checksum verificationdisabld[    000000] ACPI: RSDP 0x0000000000E0000 000024 (v02 VBOX  )
[    0.000000] ACPI: XSDT 0x00000003FF0030 00C (v1 OX   OXSDT 000001 A  000006)[    0.00000] CPI: FAC 0x0000000FFF00F0 00F4 (v04 BOX  BOXFAC 00000 AL  0000001)
[    0.000000] AI: SDT 0x000000003FFF070021FF (2 BOX   VBOBIS 0000002 INTL 21028)
[  0000000] ACPI: FACS 0x000000003FFF0200 000040
[    0.000000] ACPI: FACS 0x000000003FFF0200 000040
[    0.000000] ACPI: APIC 0x000000003FFF0240 00005C (v02 VBOX   VBOXAPIC 00000001 ASL  00000061)
[    0.000000] ACPI: SSDT 0x000000003FFF02A0 0001CC (v01 VBOX   VBOXCPUT 00000002 ITL 20100528)
[    0.000000] No NUMA cnfguratonound[    0.0000]Fang aode t [mem 0x00000000000000-0x000000003ffeffff]
[    0.000000 NODDAT(0) allocatedmem 0x3ffc500x3ffffff
[    0.000000] kvm-clockcpu , ms0:ff44001, primary cpu cock[   .00000] kvcloc: Usin ms 4b54d1 nd 4b564d00
[    0.000000] kvm-clock: using sched offset of 3822056496 cycles
[    0.000000] clocksource: kvm-clock: mask: 0xffffffffffffffff max_cycles: 0x1cd42e4dffb, max_idle_ns: 881590591483 ns
[    0.000000] Zone ranges:
[    0.000000]   DMA      [mem 0x0000000000001000-0x0000000000ffffff]
[    0.000000]   DMA32    [mem 0x0000000001000000-0x000000003ffeffff]
[    0.000000]   Normal   empty
[    0.000000]   Device   empty
[    0.000000] Movable zone start for each node
[    0.000000] Early memory node ranges
[    0.000000]   node   0: [mem 0x0000000000001000-0x000000000009efff]
[    0.000000]   node   0: [mem 0x0000000000100000-0x000000003ffeffff]
[    0.000000] Reserved but unavailable: 98 pages
[    0.000000] Initmem setup node 0 [mem 0x0000000000001000-0x000000003ffeffff]
[    0.00000] CPI: P-Ter IO Port 04008[    0.000000] OAPI[0 api_id 2, version 3, dres0xec000,GSI -2
[    0.000000] API: T_SC_OVR (bus0 us_iq global_iq  dfl d)
[    0.00000] ACI:NT_S_OR (bs 0 bus_irq 9 global_irq 9 low level)
[    0.000000] Using ACPI (MADT) for SMP configuration information
[    0.000000] smpboot: Allowing 2 CPUs, 0 hotplug CPUs
[    0.000000] PM: Registered nosave memory: [mem 0x00000000-0x00000fff]
[    0.000000] PM: Registered nosave memory: [mem 0x0009f000-0x0009ffff]
[    0.000000] PM: Registered nosave memory: [mem 0x000a0000-0x000effff]
[    0.000000] PM: Registered nosave memory: [mem 0x000f0000-0x000fffff]
[    0.000000] e820: [mem 0x40000000-0xfebfffff] available for PCI devices
[    0.000000] Booting paravirtualized kernel on KVM
[    0.000000] clocksource: refined-jiffies: mask: 0xffffffff max_cycles: 0xffffffff, max_idle_ns: 7645519600211568 ns
[    0.000000] random: get_random_bytes called from start_kernel+0x99/0x4fd with crng_init=0
[    0.000000] setup_percpu: NR_CPUS:8192 nr_cpumask_bits:2 nr_cpu_ids:2 nr_node_ids:1
[    0.000000] percpu: Embedded 46 pages/cpu s151552 r8192 d28672 u1048576
[    0.000000] PV qspinlock hash table entries: 56 (orer 0, 09bytes)
[    .00000Buil1 onelists, mobility groupng o  otalags: 257913
[    0.00000]Pocy ze:DMA32[    0.000] Kne comndline: BOT_IME=boot/vmliuz-4.15.0-6-generic root=LABEL=cloudimg-rootfs ro console=tty1 console=ttyS0
[    0.000000] Memory: 982884K/1048120K available (12300K kernel code, 2481K rwdata, 4256K rodata, 2436K init, 2388K bss, 652366K reserved, 0K cma-reserved)
[    0.000000] SLUB: HWalign=64, Order=0-3, MinObjects=0, CPUs=2, Nodes=1
[    0.000000] Kernel/User page tables isolation: enabled
[    0.000000] ftrace: allocating 39301 entries in 154 pages
[    0.004000] Hierarchical RCU implementation.
[    0.004000] 	RCU restricting CPUs from NR_CPUS=8192 to nr_cpu_ids=2.
[    0.004000] 	Tasks RCU enabled.
[    0.004000] RCU: Adjusting geometry for rcu_fanout_leaf=16, nr_cpu_ids=2
[    0.004000] NR_IRQS: 524544, nr_irqs: 440, preallocated irqs: 16
[    0.004000] Console: colour VGA+ 80x25
[    0.004000] console [tty1] enabled
[    0.004000] console [ttyS0] enabled
[    0.004000] ACPI: Core revision 20170831
[    0.004000] ACPI: 2 ACPI AML tables successfully acquired and loaded
[    0.004000] APIC: Switch to symmetric I/O mode setup
[    0.004000] x2apic enabled
[    0.004000] Switched APIC routing to physical x2apic.
[    0.004000] ..TIMER: vector=0x30 apic1=0 pin1=2 apic2=-1 pin2=-1
[    0.004004] tsc: Detected 2207.998 MHz processor
[    0.004919] Calibrating delay loop (skipped) preset value.. 4415.99 BogoMIPS (lpj=8831992)
[    0.005659] pid_max: default: 32768 minimum: 301
[    0.008026] Security Framework initialized
[    0.008849] Yama: becoming mindful.
[    0.009595] AppArmor: AppArmor initialized
[    0.011542] Dentry cache hash table entries: 131072 (order: 8, 1048576 bytes)
[    0.012041] Inode-cache hash table entries: 65536 (order: 7, 524288 bytes)
[    0.013342] Mount-cache hash table entries: 2048 (order: 2, 16384 bytes)
[    0.014531] Mountpoint-cache hash table entries: 2048 (order: 2, 16384 bytes)
[    0.016176] Last level iTLB entries: 4KB 64, 2MB 8, 4MB 8
[    0.017159] Last level dTLB entries: 4KB 64, 2MB 0, 4MB 0, 1GB 4
[    0.018263] Spectre V1 : Mitigation: usercopy/swapgs barriers and __user pointer sanitization
[    0.020002] Spectre V2 : Mitigation: Full generic retpoline
[    0.024005] Spectre V2 : Spectre v2 / SpectreRSB mitigation: Filling RSB on context switch
[    0.028006] Speculative Store Bypass: Vulnerable
[    0.032040] MDS: Vulnerable: Clear CPU buffers attempted, no microcode
[    0.036124] Freeing SMP alternatives memory: 36K
[    0.150001] smpboot: CPU0: Intel(R) Core(TM) i7-8750H CPU @ 2.20GHz (family: 0x6, model: 0x9e, stepping: 0xa)
[    0.152076] Performance Events: unsupported p6 CPU model 158 no PMU driver, software events only.
[    0.153828] Hierarchical SRCU implementation.
[    0.155153] NMI watchdog: Perf event create on CPU 0 failed with -2
[    0.156001] NMI watchdog: Perf NMI watchdog permanently disabled
[    0.157182] smp: Bringing up secondary CPUs ...
[    0.158141] x86: Booting SMP configuration:
[    0.159057] .... node  #0, CPUs:      #1
[    0.004000] kvm-clock: cpu 1, msr 0:3ff44041, secondary cpu clock
[    0.164015] smp: Brought up 1 node, 2 CPUs
[    0.168004] smpboot: Max logical packages: 1
[    0.168860] smpboot: Total of 2 processors activated (8831.99 BogoMIPS)
[    0.170226] devtmpfs: initialized
[    0.170226] x86/mm: Memory block size: 128MB
[    0.172108] evm: security.selinux
[    0.172801] evm: security.SMACK64
[    0.173482] evm: security.SMACK64EXEC
[    0.174222] evm: security.SMACK64TRANSMUTE
[    0.175061] evm: security.SMACK64MMAP
[    0.175802] evm: security.apparmor
[    0.176002] evm: security.ima
[    0.176624] evm: security.capability
[    0.177394] clocksource: jiffies: mask: 0xffffffff max_cycles: 0xffffffff, max_idle_ns: 7645041785100000 ns
[    0.180011] futex hash table entries: 512 (order: 3, 32768 bytes)
[    0.182382] pinctrl core: initialized pinctrl subsystem
[    0.183470] RTC time:  7:55:37, date: 10/13/19
[    0.184128] NET: Registered protocol family 16
[    0.185055] audit: initializing netlink subsys (disabled)
[    0.186116] audit: type=2000 audit(1570953335.392:1): state=initialized audit_enabled=0 res=1
[    0.200014] cpuidle: using governor ladder
[    0.204009] cpuidle: using governor menu
[    0.208043] ACPI: bus type PCI registered
[    0.212003] acpiphp: ACPI Hot Plug PCI Controller Driver version: 0.5
[    0.216099] PCI: Using configuration type 1 for base access
[    0.220700] HugeTLB registered 2.00 MiB page size, pre-allocated 0 pages
[    0.224071] ACPI: Added _OSI(Module Device)
[    0.228004] ACPI: Added _OSI(Processor Device)
[    0.232005] ACPI: Added _OSI(3.0 _SCP Extensions)
[    0.236002] ACPI: Added _OSI(Processor Aggregator Device)
[    0.240036] ACPI: Added _OSI(Linux-Dell-Video)
[    0.244008] ACPI: Added _OSI(Linux-Lenovo-NV-HDMI-Audio)
[    0.245050] ACPI: Added _OSI(Linux-HPI-Hybrid-Graphics)
[    0.248379] ACPI: Executed 1 blocks of module-level executable AML code
[    0.253360] ACPI: Interpreter enabled
[    0.254121] ACPI: (supports S0 S5)
[    0.254822] ACPI: Using IOAPIC for interrupt routing
[    0.255963] PCI: Using host bridge windows from ACPI; if necessary, use "pci=nocrs" and report a bug
[    0.256183] ACPI: Enabled 2 GPEs in block 00 to 07
[    0.264207] ACPI: PCI Root Bridge [PCI0] (domain 0000 [bus 00-ff])
[    0.265441] acpi PNP0A03:00: _OSC: OS supports [ASPM ClockPM Segments MSI]
[    0.266782] acpi PNP0A03:00: _OSC: not requesting OS control; OS requires [ExtendedConfig ASPM ClockPM MSI]
[    0.268012] acpi PNP0A03:00: fail to add MMCONFIG information, can't access extended PCI configuration space under this bridge.
[    0.270644] PCI host bridge to bus 0000:00
[    0.272003] pci_bus 0000:00: root bus resource [io  0x0000-0x0cf7 window]
[    0.273370] pci_bus 0000:00: root bus resource [io  0x0d00-0xffff window]
[    0.274709] pci_bus 0000:00: root bus resource [mem 0x000a0000-0x000bffff window]
[    0.276002] pci_bus 0000:00: root bus resource [mem 0x40000000-0xfdffffff window]
[    0.277431] pci_bus 0000:00: root bus resource [bus 00-ff]
[    0.281732] pci 0000:00:01.1: legacy IDE quirk: reg 0x10: [io  0x01f0-0x01f7]
[    0.284006] pci 0000:00:01.1: legacy IDE quirk: reg 0x14: [io  0x03f6]
[    0.288003] pci 0000:00:01.1: legacy IDE quirk: reg 0x18: [io  0x0170-0x0177]
[    0.292004] pci 0000:00:01.1: legacy IDE quirk: reg 0x1c: [io  0x0376]
[    0.307364] pci 0000:00:07.0: quirk: [io  0x4000-0x403f] claimed by PIIX4 ACPI
[    0.308020] pci 0000:00:07.0: quirk: [io  0x4100-0x410f] claimed by PIIX4 SMB
[    0.322021] ACPI: PCI Interrupt Link [LNKA] (IRQs 5 9 10 *11)
[    0.324267] ACPI: PCI Interrupt Link [LNKB] (IRQs 5 9 *10 11)
[    0.328153] ACPI: PCI Interrupt Link [LNKC] (IRQs 5 *9 10 11)
[    0.332133] ACPI: PCI Interrupt Link [LNKD] (IRQs 5 9 10 *11)
[    0.333617] SCSI subsystem initialized
[    0.334422] pci 0000:00:02.0: vgaarb: setting as boot VGA device
[    0.334422] pci 0000:00:02.0: vgaarb: VGA device added: decodes=io+mem,owns=io+mem,locks=none
[    0.336005] pci 0000:00:02.0: vgaarb: bridge control possible
[    0.337123] vgaarb: loaded
[    0.340025] ACPI: bus type USB registered
[    0.340846] usbcore: registered new interface driver usbfs
[    0.341914] usbcore: registered new interface driver hub
[    0.342955] usbcore: registered new device driver usb
[    0.344038] EDAC MC: Ver: 3.0.0
[    0.344981] PCI: Using ACPI for IRQ routing
[    0.345178] NetLabel: Initializing
[    0.345874] NetLabel:  domain hash size = 128
[    0.348002] NetLabel:  protocols = UNLABELED CIPSOv4 CALIPSO
[    0.349160] NetLabel:  unlabeled traffic allowed by default
[    0.350368] clocksource: Switched to clocksource kvm-clock
[    0.358719] VFS: Disk quotas dquot_6.6.0
[    0.359589] VFS: Dquot-cache hash table entries: 512 (order 0, 4096 bytes)
[    0.360978] AppArmor: AppArmor Filesystem Enabled
[    0.361918] pnp: PnP ACPI init
[    0.363665] pnp: PnP ACPI: found 3 devices
[  0733]losoceac_p mk:xfffmacyes0xff, x_dle_ns 2087024s  1.332357] NET: Registered protocol family 2

[    1.416714] TCP established hash table entries: 8192 (order: 4, 65536 bytes)
[    1.418139] TCP bind hash table entries: 8192 (order: 5, 131072 bytes)
[    1.420510] TCP: Hash tables configured (established 8192 bind 8192)
[    1.421786] UDP hash table entries: 512 (order: 2, 16384 bytes)
[    1.422960] UDP-Lite hash table entries: 512 (order: 2, 16384 bytes)
[    1.424223] NET: Registered protocol family 1
[    1.425140] pci 0000:00:00.0: Limiting direct PCI/PCI transfers
[    1.426322] pci 0000:00:01.0: Activating ISA DMA hang workarounds
[    1.427590] pci 0000:00:02.0: Video deicwit sdod M  [m 0000-000ff
[   1.17] Unckg itamfs..
[    2.449574] Freeing initrd memory: 19696K
[    2.480553] clocksource: tsc: mask: 0xffffffffffffffff max_cycles: 0x1fd3b6211b4, max_idle_ns: 440795230313 ns
[    2.482532] platform rtc_cmos: registered platform RTC device (no PNP device found)
[    2.484040] Scanning for low memory corruption every 60 seconds
[    2.485780] Initialise system trusted keyrings
[    2.487180] Key type blacklist registered
[    2.488097] workingset: timestamp_bits=36 max_order=18 bucket_order=0
[    2.490142] zbud: loaded
[    2.491126] squashfs: version 4.0 (2009/01/31) Phillip Lougher
[    2.492486] fuse init (API version 7.26)
[    2.495858] Key type asymmetric registered
[    2.496775] Asymmetric key parser 'x509' registered
[    2.497773] Block layer SCSI generic (bsg) driver version 0.4 loaded (major 246)
[    2.499348] io scheduler noop registered
[    2.500179] io scheduler deadline registered
[    2.501083] io scheduler cfq registered (default)
[    2.502410] ACPI: AC Adapter [AC] (off-line)
[    2.503365] input: Power Button as /devices/LNXSYSTM:00/LNXPWRBN:00/input/input0
[    2.504968] ACPI: Power Button [PWRF]
[    2.505844] input: Sleep Button as /devices/LNXSYSTM:00/LNXSLPBN:00/input/input1
[    2.507297] ACPI: Sleep Button [SLPF]
[    2.509294] ACPI: Battery Slot [BAT0] (battery present)
[    2.510327] Serial: 8250/16550 driver, 32 ports, IRQ sharing enabled
[    2.535539] 00:02: ttyS0 at I/O 0x3f8 (irq = 4, base_baud = 115200) is a 16550A
[    2.696353] Linux agpgart interface v0.103
[    2.699942] loop: module loaded
[    2.701328] scsi host0: ata_piix
[    2.750212] scsi host1: ata_piix
[    2.750913] ata1: PATA max UDMA/33 cmd 0x1f0 ctl 0x3f6 bmdma 0xd000 irq 14
[    2.752236] ata2: PATA max UDMA/33 cmd 0x170 ctl 0x376 bmdma 0xd008 irq 15
[    2.753930] libphy: Fixed MDIO Bus: probed
[    2.754759] tun: Universal TUN/TAP device driver, 1.6
[    2.755834] PPP generic driver version 2.4.2
[    2.760637] ehci_hcd: USB 2.0 'Enhanced' Host Controller (EHCI) Driver
[    2.761913] ehci-pci: EHCI PCI platform driver
[    2.762811] ehci-platform: EHCI generic platform driver
[    2.763837] ohci_hcd: USB 1.1 'Open' Host Controller (OHCI) Driver
[    2.765158] ohci-pci: OHCI PCI platform driver
[    2.766061] ohci-platform: OHCI generic platform driver
[    2.767110] uhci_hcd: USB Universal Host Controller Interface driver
[    2.768432] i8042: PNP: PS/2 Controller [PNP0303:PS2K,PNP0f03:PS2M] at 0x60,0x64 irq 1,12
[    2.770386] serio: i8042 KBD port at 0x60,0x64 irq 1
[    2.771387] serio: i8042 AUX port at 0x60,0x64 irq 12
[    2.772642] mousedev: PS/2 mouse device common for all mice
[    2.774303] rtc_cmos rtc_cmos: rtc core: registered rtc_cmos as rtc0
[    2.775613] input: AT Translated Set 2 keyboard as /devices/platform/i8042/serio0/input/input2
[    2.777523] rtc_cmos rtc_cmos: alarms up to one day, 114 bytes nvram
[    2.778866] i2c /dev entries driver
[    2.779670] device-mapper: uevent: version 1.0.3
[    2.780732] device-mapper: ioctl: 4.37.0-ioctl (2017-09-20) initialised: dm-devel@redhat.com
[    2.782412] ledtrig-cpu: registered to indicate activity on CPUs
[    2.784092] NET: Registered protocol family 10
[    2.825536] Segment Routing with IPv6
[    2.826333] NET: Registered protocol family 17
[    2.827357] Key type dns_resolver registered
[    2.828653] mce: Using 0 MCE banks
[    2.829624] RAS: Correctable Errors collector initialized.
[    2.830696] sched_clock: Marking stable (2828632249, 0)->(11786754924, -8958122675)
[    2.832869] registered taskstats version 1
[    2.833740] Loading compiled-in X.509 certificates
[    2.836917] Loaded X.509 cert 'Build time autogenerated kernel key: 3a65b6a3c8b5d6b297d77c25be9161529933bc49'
[    2.838905] zswap: loaded using pool lzo/zbud
[    2.842701] Key type big_key registered
[    2.843507] Key type trusted registered
[    2.845601] Key type encrypted registered
[    2.846421] AppArmor: AppArmor sha1 policy hashing enabled
[    2.847519] ima: No TPM chip found, activating TPM-bypass! (rc=-19)
[    2.848768] ima: Allocated hash algorithm: sha1
[    2.849747] evm: HMAC attrs: 0x1
[    2.850776]   Magic number: 7:632:925
[    2.851599] rtc_cmos rtc_cmos: setting system clock to 2019-10-13 07:55:41 UTC (1570953341)
[    2.853343] BIOS EDD facility v0.16 2004-Jun-25, 0 devices found
[    2.854490] EDD information not available.
[    2.914981] Freeing unused kernel image memory: 2436K
[    3.856753] Write protecting the kernel read-only data: 20480k
[    3.944894] Freeing unused kernel image memory: 2008K
[    4.014216] Freeing unused kernel image memory: 1888K
[    4.145556] x86/mm: Checked W+X mappings: passed, no W+X pages found.
[    4.246984] x86/mm: Checking user space page tables
[    4.360651] x86/mm: Checked W+X mappings: passed, no W+X pages found.
Loading, please wait...
starting version 237
[    4.502472] e1000: Intel(R) PRO/1000 Network Driver - version 7.3.21-k8-NAPI
[    4.627133] e1000: Copyright (c) 1999-2006 Intel Corporation.
[    4.636610] Fusion MPT base driver 3.04.20
[    4.637446] Copyright (c) 1999-2008 LSI Corporation
[    4.645127] Fusion MPT SPI Host driver 3.04.20
[    4.646423] AVX2 version of gcm_enc/dec engaged.
[    4.647428] AES CTR mode by8 optimization enabled
[    4.658251] vboxvideo: loading out-of-tree module taints kernel.
[    4.788369] vboxvideo: module verification failed: signature and/or required key missing - tainting kernel
[    4.847652] input: ImExPS/2 Generic Explorer Mouse as /devices/platform/i8042/serio1/input/input4
[    5.728334] e1000 0000:00:03.0 eth0: (PCI:33MHz:32-bit) 02:82:7a:7b:51:94
[    5.729710] e1000 0000:00:03.0 eth0: Intel(R) PRO/1000 Network Connection
[    6.583232] e1000 0000:00:08.0 eth1: (PCI:33MHz:32-bit) 08:00:27:ae:94:f3
[    7.859389] e1000 0000:00:08.0 eth1: Intel(R) PRO/1000 Network Connection
[    7.861777] mptbase: ioc0: Initiating bringup
[    7.862320] e1000 0000:00:08.0 enp0s8: renamed from eth1
[    7.880468] e1000 0000:00:03.0 enp0s3: renamed from eth0
[    7.965090] ioc0: LSI53C1030 A0: Capabilities={Initiator}
[    8.471081] scsi host2: ioc0: LSI53C1030 A0, FwRev=00000000h, Ports=1, MaxQ=256, IRQ=20
[    8.973178] scsi 2:0:0:0: Direct-Access     VBOX     HARDDISK         1.0  PQ: 0 ANSI: 5
[    8.973690] [drm] VRAM 01000000
[    9.352799] [TTM] Zone  kernel: Available graphics memory: 504474 kiB
[    9.625112] [TTM] Initializing pool allocator
[    9.815797] [TTM] Initializing DMA pool allocator
[    9.920374] fbcon: vboxdrmfb (fb0) is primary device
[    9.921561] Console: switching to colour frame buffer device 100x37
[   10.016914] vboxvideo 0000:00:02.0: fb0: vboxdrmfb frame buffer device
[   10.024097] scsi target2:0:0: Beginning Domain Validation
[   10.026675] scsi target2:0:0: Domain Validation skipping write tests
[   10.027778] scsi target2:0:0: Ending Domain Validation
[   10.028716] scsi target2:0:0: asynchronous
[   10.029981] scsi 2:0:1:0: Direct-Access     VBOX     HARDDISK         1.0  PQ: 0 ANSI: 5
[   10.032098] [drm] Initialized vboxvideo 1.0.0 20130823 for 0000:00:02.0 on minor 0
[   10.064400] scsi target2:0:1: Beginning Domain Validation
[   10.317751] random: fast init done
[   10.775158] scsi target2:0:1: Domain Validation skipping write tests
[   11.075907] scsi target2:0:1: Ending Domain Validation
[   11.097030] scsi target2:0:1: asynchronous
[   11.101921] random: systemd-udevd: uninitialized urandom read (16 bytes read)
[   11.103223] random: systemd-udevd: uninitialized urandom read (16 bytes read)
[   11.104530] random: systemd-udevd: uninitialized urandom read (16 bytes read)
[   11.104767] sd 2:0:0:0: Attached scsi generic sg0 type 0
[   11.108214] sd 2:0:0:0: [sda] 20971520 512-byte logical blocks: (10.7 GB/10.0 GiB)
[   11.109668] sd 2:0:0:0: [sda] Write Protect is off
[   11.110721] sd 2:0:0:0: [sda] Incomplete mode parameter data
[   11.111851] sd 2:0:0:0: [sda] Assuming drive cache: write through
[   11.113150] sd 2:0:1:0: Attached scsi generic sg1 type 0
[   11.114562] sd 2:0:1:0: [sdb] 20480 512-byte logical blocks: (10.5 MB/10.0 MiB)
[   11.114759]  sda: sda1
[   11.116772] sd 2:0:1:0: [sdb] Write Protect is off
[   11.117361] sd 2:0:0:0: [sda] Attached SCSI disk
[   11.119230] sd 2:0:1:0: [sdb] Incomplete mode parameter data
[   11.120483] sd 2:0:1:0: [sdb] Assuming drive cache: write through
[   11.123858] sd 2:0:1:0: [sdb] Attached SCSI disk
Begin: Loading essential drivers ... [   11.280247] raid6: sse2x1   gen() 13935 MB/s
[   11.424019] raid6: sse2x1   xor() 10066 MB/s
[   11.528248] raid6: sse2x2   gen() 16910 MB/s
[   11.648391] raid6: sse2x2   xor() 11496 MB/s
[   11.812363] raid6: sse2x4   gen() 19716 MB/s
[   11.928148] raid6: sse2x4   xor() 11926 MB/s
[   12.052182] raid6: avx2x1   gen() 27746 MB/s
[   12.152178] raid6: avx2x1   xor() 19087 MB/s
[   12.220563] raid6: avx2x2   gen() 32994 MB/s
[   12.376278] raid6: avx2x2   xor() 19755 MB/s
[   12.480185] raid6: avx2x4   gen() 38311 MB/s
[   12.628166] raid6: avx2x4   xor() 23897 MB/s
[   12.681950] raid6: using algorithm avx2x4 gen() 38311 MB/s
[   12.770204] raid6: .... xor() 23897 MB/s, rmw enabled
[   12.924085] raid6: using avx2x2 recovery algorithm
[   13.026822] xor: automatically using best checksumming function   avx       
[   13.246072] async_tx: api initialized (async)
done.
Begin: Running /scripts/init-premount ... done.
Begin: Mounting root file system ... Begin: Running /scripts/local-top ... done.
Begin: Running /scripts/local-premount ... [   13.281261] Btrfs loaded, crc32c=crc32c-intel
Scanning for Btrfs filesystems
done.
Warning: fsck not present, so skipping root file system
[   13.409875] EXT4-fs (sda1): mounted filesystem with ordered data mode. Opts: (null)
done.
Begin: Running /scripts/local-bottom ... done.
Begin: Running /scripts/init-bottom ... done.
[   13.570591] ip_tables: (C) 2000-2006 Netfilter Core Team
[   13.796814] systemd[1]: systemd 237 running in system mode. (+PAM +AUDIT +SELINUX +IMA +APPARMOR +SMACK +SYSVINIT +UTMP +LIBCRYPTSETUP +GCRYPT +GNUTLS +ACL +XZ +LZ4 +SECCOMP +BLKID +ELFUTILS +KMOD -IDN2 +IDN -PCRE2 default-hierarchy=hybrid)
[   14.328391] systemd[1]: Detected virtualization oracle.
[   14.329492] systemd[1]: Detected architecture x86-64.

Welcome to [1mUbuntu 18.04.3 LTS[0m!

[   14.337937] systemd[1]: Set hostname to <ubuntu-bionic>.
[   14.560901] systemd[1]: Created slice System Slice.
[[0;32m  OK  [0m] Created slice System Slice.
[   14.780660] systemd[1]: Listening on Device-mapper event daemon FIFOs.
[[0;32m  OK  [0m] Listening on Device-mapper event daemon FIFOs.
[   15.053342] systemd[1]: Reached target User and Group Name Lookups.
[[0;32m  OK  [0m] Reached target User and Group Name Lookups.
[   15.360612] systemd[1]: Listening on Journal Audit Socket.
[[0;32m  OK  [0m] Listening on Journal Audit Socket.
[   15.398683] systemd[1]: Listening on /dev/initctl Compatibility Named Pipe.
[[0;32m  OK  [0m] Listening on /dev/initctl Compatibility Named Pipe.
[   15.401727] systemd[1]: Reached target System Time Synchronized.
[[0;32m  OK  [0m] Reached target System Time Synchronized.
[[0;32m  OK  [0m] Created slice User and Session Slice.
[[0;32m  OK  [0m] Listening on Syslog Socket.
[[0;32m  OK  [0m] Started Forward Password Requests to Wall Directory Watch.
[[0;32m  OK  [0m] Reached target Swap.
[[0;32m  OK  [0m] Listening on Network Service Netlink Socket.
[[0;32m  OK  [0m] Listening on udev Control Socket.
[[0;32m  OK  [0m] Set up automount Arbitrary Executabâ€¦rmats File System Automount Point.
[[0;32m  OK  [0m] Listening on Journal Socket (/dev/log).
[[0;32m  OK  [0m] Created slice system-serial\x2dgetty.slice.
[[0;32m  OK  [0m] Listening on Journal Socket.
         Mounting Kernel Debug File System...
         Mounting POSIX Message Queue File System...
         Mounting Huge Pages File System...
         Starting Journal Service...
         Starting Create list of required stâ€¦ce nodes for the current kernel...
         Starting Set the console keyboard layout...
         Starting Remount Root and Kernel File Systems...
[[0;32m  OK  [0m] Listening on udev Kernel Socket.
         [   15.477346] EXT4-fs (sda1): re-mounted. Opts: (null)
Starting udev Coldplug all Devices...
[[0;32m  OK  [0m] Listening on LVM2 poll daemon socket.
[[0;32m  OK  [0m] Reached target Slices.
         Starting Uncomplicated firewall...
[[0;32m  OK  [0m] Listening on LVM2 metadata daemon socket.
         Starting Monitoring of LVM2 mirrorsâ€¦ng dmeventd or progress polling...
         Starting Load Kernel Modules...
[[0;32m  OK  [0[   15.886530] Loading iSCSI transport class v2.0-870.
m] Started Journ[   16.103416] iscsi: registered transport (tcp)
al Service.
[[0;32m  OK  [0[   16.275423] iscsi: registered transport (iser)
m] Mounted Kernel Debug File System.
[[0;32m  OK  [0m] Mounted POSIX Message Queue File System.
[[0;32m  OK  [0m] Mounted Huge Pages File System.
[[0;32m  OK  [0m] Started Create list of required staâ€¦vice nodes for the current kernel.
[[0;32m  OK  [0m] Started Set the console keyboard layout.
[[0;32m  OK  [0m] Started Remount Root and Kernel File Systems.
[[0;32m  OK  [0m] Started Uncomplicated firewall.
[[0;32m  OK  [0m] Started Load Kernel Modules.
[[0;32m  OK  [0m] Started LVM2 metadata daemon.
         Mounting Kernel Configuration File System...
         Mounting FUSE Control File System...
[   16.503944] random: crng init done
[   16.504948] random: 7 urandom warning(s) missed due to ratelimiting
         Starting Apply Kernel Variables...
         Starting Load/Save Random Seed...
         Starting Create Static Device Nodes in /dev...
         Starting Flush Journal to Persistent Storage...
[[0;32m  OK  [0m] Started Monitoring of LVM2 mirrors,â€¦sing dmeventd or progress polling.
[[0;32m  OK  [0m] Started udev Coldplug all Devices.
[[0;32m  OK  [0m] Mounted Kernel Configuration File System.
[[0;32m  OK  [0m] Mounted FUSE Control File System.
[[0;32m  OK  [0m] Started Apply Kernel Variables.
[[0;32m  OK  [0m] Started Load/Save Random Seed.
[[0;32m  OK  [0m] Started Create Static Device Nodes in /dev.
         Starting udev Kernel Device Manager...
[[0;32m  OK  [0m] Reached target Local File Systems (Pre).
[[0;32m  OK  [0m] Reached target Local File Systems.
         Starting Set console font and keymap...
         Starting ebtables ruleset management...
         Starting AppArmor initialization...
         Starting Tell Plymouth To Write Out Runtime Data...
[[0;32m  OK  [0m] Started udev Kernel Device Manager.
[[0;32m  OK  [0m] Started Dispatch Password Requests to Console Directory Watch.
[[0;32m  OK  [0m] Reached target Local Encrypted Volumes.
[[0;32m  OK  [0m] Started Set console font and keymap.
[[0;32m  OK  [0m] Started Flush Journal to Persistent Storage.
[[0;32m  OK  [0m] Started Tell Plymouth To Write Out Runtime Data.
[[0;32m  OK  [0m] Started ebtables ruleset management.
[[0;32m  OK  [0m] Found device /dev/ttyS0.
[[0;32m  OK  [0m] Listening on Load/Save RF Kill Switch Status /dev/rfkill Watch.
         Starting Create Volatile Files and Directories...
[[0;32m  OK  [0m] Started AppArmor initialization.
[[0;32m  OK  [0m] Started Create Volatile Files and Directories.
         Starting Update UTMP about System Boot/Shutdown...
         Starting Initial cloud-init job (pre-networking)...
[[0;32m  OK  [0m] Started Update UTMP about System Boot/Shutdown.
[   18.242850] cloud-init[608]: Cloud-init v. 19.2-36-g059d049c-0ubuntu1~18.04.1 running 'init-local' at Sun, 13 Oct 2019 07:55:56 +0000. Up 18.05 seconds.
[[0;32m  OK  [0m] Started Initial cloud-init job (pre-networking).
[[0;32m  OK  [0m] Reached target Network (Pre).
         Starting Network Service...
[[0;32m  OK  [0m] Started Network Service.
         Starting Wait for Network to be Configured...
         Starting Network Name Resolution...
[[0;32m  OK  [0m] Started Network Name Resolution.
[[0;32m  OK  [0m] Reached target Network.
[[0;32m  OK  [0m] Reached target Host and Network Name Lookups.
[[0;32m  OK  [0m] Started Wait for Network to be Configured.
         Starting Initial cloud-init job (metadata service crawler)...
[   20.815256] cloud-init[728]: Cloud-init v. 19.2-36-g059d049c-0ubuntu1~18.04.1 running 'init' at Sun, 13 Oct 2019 07:55:59 +0000. Up 20.70 seconds.
[   20.831999] cloud-init[728]: ci-info: ++++++++++++++++++++++++++++++++++++++Net device info+++++++++++++++++++++++++++++++++++++++
[   20.835411] cloud-init[728]: ci-info: +--------+------+-----------------------------+---------------+--------+-------------------+
[   20.838584] cloud-init[728]: ci-info: | Device |  Up  |           Address           |      Mask     | Scope  |     Hw-Address    |
[   20.841700] cloud-init[728]: ci-info: +--------+------+-----------------------------+---------------+--------+-------------------+
[   20.844707] cloud-init[728]: ci-info: | enp0s3 | True |          10.0.2.15          | 255.255.255.0 | global | 02:82:7a:7b:51:94 |
[   20.848143] cloud-init[728]: ci-info: | enp0s3 | True |  fe80::82:7aff:fe7b:5194/64 |       .       |  link  | 02:82:7a:7b:51:94 |
[   20.850755] cloud-init[728]: ci-info: | enp0s8 | True |        192.168.33.10        | 255.255.255.0 | global | 08:00:27:ae:94:f3 |
[   20.853707] cloud-init[728]: ci-info: | enp0s8 | True | fe80::a00:27ff:feae:94f3/64 |       .       |  link  | 08:00:27:ae:94:f3 |
[   20.857951] cloud-init[728]: ci-info: |   lo   | True |          127.0.0.1          |   255.0.0.0   |  host  |         .         |
[   20.860921] cloud-init[728]: ci-info: |   lo   | True |           ::1/128           |       .       |  host  |         .         |
[   20.863789] cloud-init[728]: ci-info: +--------+------+-----------------------------+---------------+--------+-------------------+
[   20.865901] cloud-init[728]: ci-info: +++++++++++++++++++++++++++++Route IPv4 info+++++++++++++++++++++++++++++
[   20.867831] cloud-init[728]: ci-info: +-------+--------------+----------+-----------------+-----------+-------+
[   20.869602] cloud-init[728]: ci-info: | Route | Destination  | Gateway  |     Genmask     | Interface | Flags |
[   20.871277] cloud-init[728]: ci-info: +-------+--------------+----------+-----------------+-----------+-------+
[   20.872956] cloud-init[728]: ci-info: |   0   |   0.0.0.0    | 10.0.2.2 |     0.0.0.0     |   enp0s3  |   UG  |
[   20.874611] cloud-init[728]: ci-info: |   1   |   10.0.2.0   | 0.0.0.0  |  255.255.255.0  |   enp0s3  |   U   |
[   20.884227] cloud-init[728]: ci-info: |   2   |   10.0.2.2   | 0.0.0.0  | 255.255.255.255 |   enp0s3  |   UH  |
[   20.885947] cloud-init[728]: ci-info: |   3   | 192.168.33.0 | 0.0.0.0  |  255.255.255.0  |   enp0s8  |   U   |
[   20.887638] cloud-init[728]: ci-info: +-------+--------------+----------+-----------------+-----------+-------+
[   20.889345] cloud-init[728]: ci-info: +++++++++++++++++++Route IPv6 info+++++++++++++++++++
[   20.916399] cloud-init[728]: ci-info: +-------+-------------+---------+-----------+-------+
[[0;32m  OK  [0m] Started Initial cloud-init job (metadata service crawler).
[[0;32m  OK  [0m] Reached target Network is Online.
[   20.990507] cloud-init[728]: ci-info: | Route | Destination | Gateway | Interface | Flags |
         Starting Availability of block devices...
[[0;32m  OK  [0m] Reached target Remote File Systems (Pre).
[[0;32m  OK  [0m] Reached target Remote File Systems.
[[0;32m  OK  [0m] Reached target System Initialization.
[[0;32m  OK  [0m] Listening on D-Bus System Message Bus Socket.
[   21.152519] cloud-init[728]: ci-info: +-------+-------------+---------+-----------+-------+
[   21.404530] cloud-init[728]: ci-info: |   1   |  fe80::/64  |    ::   |   enp0s8  |   U   |
[   21.469356] cloud-init[728]: ci-info: |   2   |  fe80::/64  |    ::   |   enp0s3  |   U   |
[   21.528568] cloud-init[728]: ci-info: |   4   |    local    |    ::   |   enp0s3  |   U   |
[   21.577242] cloud-init[728]: ci-info: |   5   |    local    |    ::   |   enp0s8  |   U   |
[   21.641572] cloud-init[728]: ci-info: |   6   |   ff00::/8  |    ::   |   enp0s8  |   U   |
[   21.713094] cloud-init[728]: ci-info: |   7   |   ff00::/8  |    ::   |   enp0s3  |   U   |
[   21.776897] cloud-init[728]: ci-info: +-------+-------------+---------+-----------+-------+
[[0;32m  OK  [0m] Started ACPI Events Check.
[[0;32m  OK  [0m] Reached target Paths.
[[0;32m  OK  [0m] Listening on UUID daemon activation socket.
[[0;32m  OK  [0m] Listening on ACPID Listen Socket.
[[0;32m  OK  [0m] Listening on Open-iSCSI iscsid Socket.
[[0;32m  OK  [0m] Started Daily apt download activities.
[[0;32m  OK  [0m] Started Daily apt upgrade and clean activities.
[[0;32m  OK  [0m] Started Daily Cleanup of Temporary Directories.
[[0;32m  OK  [0m] Started Message of the Day.
         Starting Socket activation for snappy daemon.
         Starting LXD - unix socket.
[[0;32m  OK  [0m] Started Discard unused blocks once a week.
[[0;32m  OK  [0m] Reached target Timers.
[[0;32m  OK  [0m] Reached target Cloud-config availability.
[[0;32m  OK  [0m] Started Availability of block devices.
[[0;32m  OK  [0m] Listening on Socket activation for snappy daemon.
[[0;32m  OK  [0m] Listening on LXD - unix socket.
[[0;32m  OK  [0m] Reached target Sockets.
[[0;32m  OK  [0m] Reached target Basic System.
         Starting LSB: Record successful boot for GRUB...
         Starting LSB: automatic crash report generation...
         Starting Login Service...
[[0;32m  OK  [0m] Started FUSE filesystem for LXC.
[[0;32m  OK  [0m] Started Regular background program processing daemon.
         Starting Accounts Service...
         Starting Permit User Sessions...
[[0;32m  OK  [0m] Started D-Bus System Message Bus.
         Starting vboxadd.service...
         Starting Dispatcher daemon for systemd-networkd...
         Starting System Logging Service...
         Starting LXD - container startup/shutdown...
[[0;32m  OK  [0m] Started irqbalance daemon.
[[0;32m  OK  [0m] Started Deferred execution scheduler.
         Starting OpenBSD Secure Shell server...
         Starting Snappy daemon...
[[0;32m  OK  [0m] Started System Logging Service.
[[0;32m  OK  [0m] Started Dispatcher daemon for systemd-networkd.
[[0;32m  OK  [0m] Started Permit User Sessions.
[[0;32m  OK  [0m] Started vboxadd.service.
[[0;32m  OK  [0m] Started LXD - container startup/shutdown.
[[0;32m  OK  [0m] Started OpenBSD Secure Shell server.
[[0;32m  OK  [0m] Started Login Service.
[[0;32m  OK  [0m] Started Unattended Upgrades Shutdown.
         Starting Authorization Manager...
         Starting vboxadd-service.service...
         Starting Hold until boot process finishes up...
         Starting Terminate Plymouth Boot Screen...
[[0;32m  OK  [0m] Started Snappy daemon.
[[0;32m  OK  [0m] Started LSB: Record successful boot for GRUB.
[[0;32m  OK  [0m] Started LSB: automatic crash report generation.
[[0;32m  OK  [0m] Started vboxadd-service.service.
[[0;32m  OK  [0m] Started Hold until boot process finishes up.
[[0;32m  OK  [0m] Started Terminate Plymouth Boot Screen.
[[0;32m  OK  [0m] Started Authorization Manager.
[[0;32m  OK  [0m] Started Accounts Service.
         Starting Set console scheme...
[[0;32m  OK  [0m] Started Serial Getty on ttyS0.
         Starting Wait until snapd is fully seeded...
[[0;32m  OK  [0m] Started Set console scheme.
[[0;32m  OK  [0m] Created slice system-getty.slice.
[[0;32m  OK  [0m] Started Getty on tty1.
[[0;32m  OK  [0m] Reached target Login Prompts.
[[0;32m  OK  [0m] Started Wait until snapd is fully seeded.
         Starting Apply the settings specified in cloud-config...
[[0;32m  OK  [0m] Reached target Multi-User System.
[[0;32m  OK  [0m] Reached target Graphical Interface.
         Starting Update UTMP about System Runlevel Changes...
[[0;32m  OK  [0m] Started Update UTMP about System Runlevel Changes.
[   23.378815] cloud-init[1234]: Cloud-init v. 19.2-36-g059d049c-0ubuntu1~18.04.1 running 'modules:config' at Sun, 13 Oct 2019 07:56:01 +0000. Up 23.30 seconds.
[[0;32m  OK  [0m] Started Apply the settings specified in cloud-config.
         Starting Execute cloud user/final scripts...
[   23.821620] cloud-init[1294]: Cloud-init v. 19.2-36-g059d049c-0ubuntu1~18.04.1 running 'modules:final' at Sun, 13 Oct 2019 07:56:02 +0000. Up 23.73 seconds.
[[0;32m  OK  [0m] Started Execute cloud user/final scripts.
[[0;32m  OK  [cloud-init[1294]: Cloud-init v. 19.2-36-g059d049c-0ubuntu1~18.04.1 finished at Sun, 13 Oct 2019 07:56:02 +0000. Datasource DataSourceNoCloud [seed=/dev/sdb][dsmode=net].  Up 23.81 seconds

Ubuntu 18.04.3 LTS ubuntu-bionic ttyS0

ubuntu-bionic login: [73354.516785] general protection fault: 0000 [#1] SMP PTI
[73354.519364] Modules linked in: vboxsf(OE) isofs input_leds serio_raw video vboxguest(OE) sch_fq_codel ib_iser rdma_cm iw_cm ib_cm ib_core iscsi_tcp libiscsi_tcp libiscsi scsi_transport_iscsi ip_tables x_tables autofs4 btrfs zstd_compress raid10 raid456 async_raid6_recov async_memcpy async_pq async_xor async_tx xor raid6_pq libcrc32c raid1 raid0 multipath linear crct10dif_pclmul crc32_pclmul ghash_clmulni_intel pcbc vboxvideo(OE) drm_kms_helper syscopyarea sysfillrect sysimgblt fb_sys_fops ttm aesni_intel mptspi scsi_transport_spi mptscsih aes_x86_64 crypto_simd glue_helper cryptd psmouse mptbase drm e1000
[73355.598218] CPU: 1 PID: 4642 Comm: ruby2.5 Tainted: G           OE    4.15.0-65-generic #74-Ubuntu
[73355.618546] Hardware name: innotek GmbH VirtualBox/VirtualBox, BIOS VirtualBox 12/01/2006
[73355.620017] RIP: 0010:__kmalloc+0xc9/0x220
[73355.620809] RSP: 0018:ffffab0ac19f7af0 EFLAGS: 00010202
[73355.621798] RAX: 0000000000000000 RBX: 15b662b287f40ff4 RCX: 00000000001a4608
[73355.623831] RDX: 00000000001a4607 RSI: 0000000000000000 RDI: 00000000000270c0
[73355.628449] RBP: ffffab0ac19f7b20 R08: ffff9172fb4e8960 R09: ffff9172fe003680
[73355.630663] R10: ffff9172fc248051 R11: ea49f3c07cba8694 R12: ffff9172fb4e8960
[73355.638376] R13: 00000000014000c0 R14: 000000000000004a R15: ffff9172fe003680
[73355.639750] FS:  00007feb7145f740(0000) GS:ffff9172ffd00000(0000) knlGS:0000000000000000
[73355.641268] CS:  0010 DS: 0000 ES: 0000 CR0: 0000000080050033
[73355.760056] CR2: 0000557f25598000 CR3: 000000003a67e001 CR4: 00000000000606e0
[73356.040876] Call Trace:
[73356.148036]  ? sf_make_path.isra.2+0x60/0x170 [vboxsf]
[73356.308588]  sf_make_path.isra.2+0x60/0x170 [vboxsf]
[73356.570786]  sf_path_from_dentry+0x12a/0x190 [vboxsf]
[73356.749858]  sf_lookup+0x6b/0x200 [vboxsf]
[73356.923469]  ? __inode_permission+0x5b/0x160
[73357.104127]  ? apparmor_path_mknod+0x1e/0x20
[73357.247631]  path_openat+0xc12/0x1960
[73357.380480]  do_filp_open+0x9b/0x110
[73357.578176]  ? __check_object_size+0xc8/0x1b0
[73357.778553]  ? __alloc_fd+0xb2/0x170
[73357.890385]  do_sys_open+0x1bb/0x2c0
[73358.038157]  ? do_sys_open+0x1bb/0x2c0
[73358.138977]  ? done_path_create+0x42/0x50
[73358.288954]  SyS_openat+0x14/0x20
[73358.389623]  do_syscall_64+0x73/0x130
[73358.503001]  entry_SYSCALL_64_after_hwframe+0x3d/0xa2
[73358.666566] RIP: 0033:0x7feb70ab3d19
[73358.798415] RSP: 002b:00007ffe12fa4090 EFLAGS: 00000293 ORIG_RAX: 0000000000000101
[73359.140008] RAX: ffffffffffffffda RBX: 0000557f2588f8c0 RCX: 00007feb70ab3d19
[73359.369564] RDX: 0000000000000041 RSI: 00007ffe12fa4630 RDI: 00000000ffffff9c
[73359.572197] RBP: 0000000000000009 R08: 0000000000000000 R09: 0000000000000000
[73359.747267] R10: 00000000000001b4 R11: 0000000000000293 R12: 00007ffe12fa4240
[73359.993346] R13: 00007ffe12fa4630 R14: 0000557f2583a950 R15: 0000000000000000
[73360.224166] Code: 4d 01 e0 4d 8b 18 4d 33 99 40 01 00 00 4c 89 c3 4c 31 db 65 48 0f c7 0f 0f 94 c0 84 c0 74 ac 4d 39 d8 74 14 49 63 41 20 48 01 c3 <48> 33 1b 49 33 99 40 01 00 00 0f 18 0b 41 f7 c5 00 80 00 00 0f 
[73360.749993] RIP: __kmalloc+0xc9/0x220 RSP: ffffab0ac19f7af0
[73361.028469] ---[ end trace f67b930774929e95 ]---
[74387.473212] general protection fault: 0000 [#2] SMP PTI
[74387.739038] Modules linked in: vboxsf(OE) isofs input_leds serio_raw video vboxguest(OE) sch_fq_codel ib_iser rdma_cm iw_cm ib_cm ib_core iscsi_tcp libiscsi_tcp libiscsi scsi_transport_iscsi ip_tables x_tables autofs4 btrfs zstd_compress raid10 raid456 async_raid6_recov async_memcpy async_pq async_xor async_tx xor raid6_pq libcrc32c raid1 raid0 multipath linear crct10dif_pclmul crc32_pclmul ghash_clmulni_intel pcbc vboxvideo(OE) drm_kms_helper syscopyarea sysfillrect sysimgblt fb_sys_fops ttm aesni_intel mptspi scsi_transport_spi mptscsih aes_x86_64 crypto_simd glue_helper cryptd psmouse mptbase drm e1000
[74389.980733] CPU: 1 PID: 4648 Comm: sshd Tainted: G      D    OE    4.15.0-65-generic #74-Ubuntu
[74390.311066] Hardware name: innotek GmbH VirtualBox/VirtualBox, BIOS VirtualBox 12/01/2006
[74390.567113] RIP: 0010:kmem_cache_alloc_trace+0x85/0x1b0
[74390.768445] RSP: 0018:ffffab0ac061fe98 EFLAGS: 00010202
[74391.020510] RAX: 15b662b287f40ff4 RBX: 15b662b287f40ff4 RCX: 00000000001a4609
[74391.339170] RDX: 00000000001a4608 RSI: 00000000014080c0 RDI: 00000000000270c0
[74391.598413] RBP: ffffab0ac061fed0 R08: ffff9172ffd270c0 R09: 000000000000000a
[74391.963480] R10: 0000000000000000 R11: 0000000000000000 R12: 00000000014080c0
[74392.269675] R13: ffff9172fe003680 R14: 15b662b287f40ff4 R15: ffff9172fe003680
[74392.608862] FS:  00007f1df6ccc900(0000) GS:ffff9172ffd00000(0000) knlGS:0000000000000000
[74393.013682] CS:  0010 DS: 0000 ES: 0000 CR0: 0000000080050033
[74393.270323] CR2: 00007ffc9f493efc CR3: 000000003c0c2002 CR4: 00000000000606e0
[74393.569353] Call Trace:
[74393.620333]  ? sched_autogroup_create_attach+0x27/0x130
[74393.786857]  sched_autogroup_create_attach+0x27/0x130
[74394.008353]  sys_setsid+0x7c/0x110
[74394.138650]  do_syscall_64+0x73/0x130
[74394.238255]  entry_SYSCALL_64_after_hwframe+0x3d/0xa2
[74394.488933] RIP: 0033:0x7f1df4b05c07
[74394.665009] RSP: 002b:00007ffc9f4927a8 EFLAGS: 00000246 ORIG_RAX: 0000000000000070
[74394.898254] RAX: ffffffffffffffda RBX: 000055bbbb33a290 RCX: 00007f1df4b05c07
[74395.230508] RDX: 00007ffc9f493fe7 RSI: ffffffffffffffff RDI: 0000000000000011
[74395.571907] RBP: 00007ffc9f492cc0 R08: 00007ffc9f493fe6 R09: 000000000000000a
[74395.852257] R10: 00000000fffffff6 R11: 0000000000000246 R12: 00007ffc9f492bc0
[74396.218686] R13: 000055bbb9ca9cc0 R14: 00007ffc9f492800 R15: 0000000000000004
[74396.578882] Code: f2 db 75 49 83 78 10 00 4d 8b 30 0f 84 f2 00 00 00 4d 85 f6 0f 84 e9 00 00 00 49 63 5f 20 49 8b 3f 48 8d 4a 01 4c 89 f0 4c 01 f3 <48> 33 1b 49 33 9f 40 01 00 00 65 48 0f c7 0f 0f 94 c0 84 c0 74 
[74397.409905] RIP: kmem_cache_alloc_trace+0x85/0x1b0 RSP: ffffab0ac061fe98
[74397.609083] ---[ end trace f67b930774929e96 ]---
[74405.103331] general protection fault: 0000 [#3] SMP PTI
[74405.226802] Modules linked in: vboxsf(OE) isofs input_leds serio_raw video vboxguest(OE) sch_fq_codel ib_iser rdma_cm iw_cm ib_cm ib_core iscsi_tcp libiscsi_tcp libiscsi scsi_transport_iscsi ip_tables x_tables autofs4 btrfs zstd_compress raid10 raid456 async_raid6_recov async_memcpy async_pq async_xor async_tx xor raid6_pq libcrc32c raid1 raid0 multipath linear crct10dif_pclmul crc32_pclmul ghash_clmulni_intel pcbc vboxvideo(OE) drm_kms_helper syscopyarea sysfillrect sysimgblt fb_sys_fops ttm aesni_intel mptspi scsi_transport_spi mptscsih aes_x86_64 crypto_simd glue_helper cryptd psmouse mptbase drm e1000
[74405.886602] CPU: 1 PID: 4651 Comm: sshd Tainted: G      D    OE    4.15.0-65-generic #74-Ubuntu
[74405.955531] Hardware name: innotek GmbH VirtualBox/VirtualBox, BIOS VirtualBox 12/01/2006
[74405.957293] RIP: 0010:kmem_cache_alloc_trace+0x85/0x1b0
[74405.958663] RSP: 0018:ffffab0ac0b1be98 EFLAGS: 00010202
[74405.960063] RAX: 15b662b287f40ff4 RBX: 15b662b287f40ff4 RCX: 00000000001a4609
[74405.961726] RDX: 00000000001a4608 RSI: 00000000014080c0 RDI: 00000000000270c0
[74405.975894] RBP: ffffab0ac0b1bed0 R08: ffff9172ffd270c0 R09: 000000000000000a
[74405.978702] R10: 0000000000000000 R11: 0000000000000000 R12: 00000000014080c0
[74405.980306] R13: ffff9172fe003680 R14: 15b662b287f40ff4 R15: ffff9172fe003680
[74406.034782] FS:  00007f1df6ccc900(0000) GS:ffff9172ffd00000(0000) knlGS:0000000000000000
[74406.052437] CS:  0010 DS: 0000 ES: 0000 CR0: 0000000080050033
[74406.053866] CR2: 00007ffc9f493efc CR3: 000000003bd14004 CR4: 00000000000606e0
[74406.055748] Call Trace:
[74406.056614]  ? sched_autogroup_create_attach+0x27/0x130
[74406.057959]  sched_autogroup_create_attach+0x27/0x130
[74406.060551]  sys_setsid+0x7c/0x110
[74406.061609]  do_syscall_64+0x73/0x130
[74406.128923]  entry_SYSCALL_64_after_hwframe+0x3d/0xa2
[74406.253931] RIP: 0033:0x7f1df4b05c07
[74406.468834] RSP: 002b:00007ffc9f4927a8 EFLAGS: 00000246 ORIG_RAX: 0000000000000070
[74406.798497] RAX: ffffffffffffffda RBX: 000055bbbb33a290 RCX: 00007f1df4b05c07
[74407.101290] RDX: 00007ffc9f493fe7 RSI: ffffffffffffffff RDI: 0000000000000011
[74407.458862] RBP: 00007ffc9f492cc0 R08: 00007ffc9f493fe6 R09: 000000000000000a
[74407.689067] R10: 00000000fffffff6 R11: 0000000000000246 R12: 00007ffc9f492bc0
[74408.018162] R13: 000055bbb9ca9cc0 R14: 00007ffc9f492800 R15: 0000000000000004
[74408.228216] Code: f2 db 75 49 83 78 10 00 4d 8b 30 0f 84 f2 00 00 00 4d 85 f6 0f 84 e9 00 00 00 49 63 5f 20 49 8b 3f 48 8d 4a 01 4c 89 f0 4c 01 f3 <48> 33 1b 49 33 9f 40 01 00 00 65 48 0f c7 0f 0f 94 c0 84 c0 74 
[74409.049602] RIP: kmem_cache_alloc_trace+0x85/0x1b0 RSP: ffffab0ac0b1be98
[74409.248555] ---[ end trace f67b930774929e97 ]---
[74409.468285] general protection fault: 0000 [#4] SMP PTI
[74409.673964] Modules linked in: vboxsf(OE) isofs input_leds serio_raw video vboxguest(OE) sch_fq_codel ib_iser rdma_cm iw_cm ib_cm ib_core iscsi_tcp libiscsi_tcp libiscsi scsi_transport_iscsi ip_tables x_tables autofs4 btrfs zstd_compress raid10 raid456 async_raid6_recov async_memcpy async_pq async_xor async_tx xor raid6_pq libcrc32c raid1 raid0 multipath linear crct10dif_pclmul crc32_pclmul ghash_clmulni_intel pcbc vboxvideo(OE) drm_kms_helper syscopyarea sysfillrect sysimgblt fb_sys_fops ttm aesni_intel mptspi scsi_transport_spi mptscsih aes_x86_64 crypto_simd glue_helper cryptd psmouse mptbase drm e1000
[74412.360613] CPU: 1 PID: 4654 Comm: sshd Tainted: G      D    OE    4.15.0-65-generic #74-Ubuntu
[74412.748619] Hardware name: innotek GmbH VirtualBox/VirtualBox, BIOS VirtualBox 12/01/2006
[74413.169631] RIP: 0010:kmem_cache_alloc_node_trace+0xd7/0x1d0
[74413.588421] RSP: 0018:ffffab0ac0b1bc68 EFLAGS: 00010202
[74413.749004] RAX: 15b662b287f40ff4 RBX: 15b662b287f40ff4 RCX: 00000000001a4609
[74414.080218] RDX: 00000000001a4608 RSI: 00000000014000c0 RDI: 00000000000270c0
[74414.615296] RBP: ffffab0ac0b1bca0 R08: ffff9172ffd270c0 R09: ffff9172fe003680
[74415.028824] R10: 0000000000000000 R11: 0000000000000001 R12: 00000000014000c0
[74415.280816] R13: 00000000ffffffff R14: ffff9172fe003680 R15: 15b662b287f40ff4
[74415.618431] FS:  00007f689a880900(0000) GS:ffff9172ffd00000(0000) knlGS:0000000000000000
[74416.018341] CS:  0010 DS: 0000 ES: 0000 CR0: 0000000080050033
[74416.249210] CR2: 00007f68986f6480 CR3: 000000003c0c2005 CR4: 00000000000606e0
[74416.620264] Call Trace:
[74416.720031]  ? alloc_vmap_area+0x7a/0x360
[74416.940143]  alloc_vmap_area+0x7a/0x360
[74417.149631]  __get_vm_area_node+0xb7/0x140
[74417.320303]  __vmalloc_node_range+0x69/0x270
[74417.560176]  ? bpf_prog_alloc+0x4c/0xc0
[74417.758298]  __vmalloc+0x34/0x40
[74417.910722]  ? bpf_prog_alloc+0x4c/0xc0
[74418.098997]  bpf_prog_alloc+0x4c/0xc0
[74418.233114]  bpf_prog_create_from_user+0x5a/0x120
[74418.448393]  ? hardlockup_detector_perf_cleanup+0xa0/0xa0
[74418.692210]  do_seccomp+0x293/0x6d0
[74418.839630]  ? security_task_prctl+0xff/0x1d0
[74419.084849]  prctl_set_seccomp+0x24/0x50
[74419.279963]  SyS_prctl+0x29d/0x5f0
[74419.438484]  do_syscall_64+0x73/0x130
[74419.600141]  entry_SYSCALL_64_after_hwframe+0x3d/0xa2
[74419.818710] RIP: 0033:0x7f68986f648a
[74419.999996] RSP: 002b:00007ffc62fbd2f8 EFLAGS: 00000246 ORIG_RAX: 000000000000009d
[74420.338488] RAX: ffffffffffffffda RBX: 00007ffc62fbd300 RCX: 00007f68986f648a
[74420.797328] RDX: 0000559aa330c120 RSI: 0000000000000002 RDI: 0000000000000016
[74421.198222] RBP: 00007ffc62fbd380 R08: 0000000000000000 R09: 0000000000000005
[74421.538421] R10: 00007f68986f648a R11: 0000000000000246 R12: 0000559aa4b673c0
[74421.914904] R13: 0000000000000000 R14: 0000559aa4b66990 R15: 0000000000000000
[74422.308383] Code: 74 5f 49 63 51 1c 31 f6 4c 89 ff 4c 89 4d d0 e8 60 b1 75 00 4c 8b 4d d0 eb 47 49 63 59 20 49 8b 39 48 8d 4a 01 4c 89 f8 4c 01 fb <48> 33 1b 49 33 99 40 01 00 00 65 48 0f c7 0f 0f 94 c0 84 c0 0f 
[74423.410275] RIP: kmem_cache_alloc_node_trace+0xd7/0x1d0 RSP: ffffab0ac0b1bc68
[74423.925268] ---[ end trace f67b930774929e98 ]---
[74424.169159] general protection fault: 0000 [#5] SMP PTI
[74424.388811] Modules linked in: vboxsf(OE) isofs input_leds serio_raw video vboxguest(OE) sch_fq_codel ib_iser rdma_cm iw_cm ib_cm ib_core iscsi_tcp libiscsi_tcp libiscsi scsi_transport_iscsi ip_tables x_tables autofs4 btrfs zstd_compress raid10 raid456 async_raid6_recov async_memcpy async_pq async_xor async_tx xor raid6_pq libcrc32c raid1 raid0 multipath linear crct10dif_pclmul crc32_pclmul ghash_clmulni_intel pcbc vboxvideo(OE) drm_kms_helper syscopyarea sysfillrect sysimgblt fb_sys_fops ttm aesni_intel mptspi scsi_transport_spi mptscsih aes_x86_64 crypto_simd glue_helper cryptd psmouse mptbase drm e1000
[74427.051762] CPU: 1 PID: 4657 Comm: sshd Tainted: G      D    OE    4.15.0-65-generic #74-Ubuntu
[74427.483092] Hardware name: innotek GmbH VirtualBox/VirtualBox, BIOS VirtualBox 12/01/2006
[74427.812296] RIP: 0010:kmem_cache_alloc_node_trace+0xd7/0x1d0
[74428.028253] RSP: 0018:ffffab0ac0b1bc68 EFLAGS: 00010202
[74428.278318] RAX: 15b662b287f40ff4 RBX: 15b662b287f40ff4 RCX: 00000000001a4609
[74428.559183] RDX: 00000000001a4608 RSI: 00000000014000c0 RDI: 00000000000270c0
[74428.728354] RBP: ffffab0ac0b1bca0 R08: ffff9172ffd270c0 R09: ffff9172fe003680
[74429.129760] R10: ffffab0ac0b1be08 R11: 0000000000000001 R12: 00000000014000c0
[74429.568674] R13: 00000000ffffffff R14: ffff9172fe003680 R15: 15b662b287f40ff4
[74429.918435] FS:  00007f6669302900(0000) GS:ffff9172ffd00000(0000) knlGS:0000000000000000
[74430.218977] CS:  0010 DS: 0000 ES: 0000 CR0: 0000000080050033
[74430.398843] CR2: 00007f6667178480 CR3: 000000003d20a002 CR4: 00000000000606e0
[74430.815157] Call Trace:
[74430.918640]  ? alloc_vmap_area+0x7a/0x360
[74431.078492]  alloc_vmap_area+0x7a/0x360
[74431.233666]  __get_vm_area_node+0xb7/0x140
[74431.388376]  __vmalloc_node_range+0x69/0x270
[74431.506054]  ? bpf_prog_alloc+0x4c/0xc0
[74431.688481]  __vmalloc+0x34/0x40
[74431.831922]  ? bpf_prog_alloc+0x4c/0xc0
[74432.010113]  bpf_prog_alloc+0x4c/0xc0
[74432.181914]  bpf_prog_create_from_user+0x5a/0x120
[74432.400784]  ? hardlockup_detector_perf_cleanup+0xa0/0xa0
[74432.679325]  do_seccomp+0x293/0x6d0
[74432.804847]  ? security_task_prctl+0xff/0x1d0
[74433.009728]  prctl_set_seccomp+0x24/0x50
[74433.188446]  SyS_prctl+0x29d/0x5f0
[74433.368710]  do_syscall_64+0x73/0x130
[74433.608876]  entry_SYSCALL_64_after_hwframe+0x3d/0xa2
[74433.918330] RIP: 0033:0x7f666717848a
[74434.180416] RSP: 002b:00007ffea22f4b98 EFLAGS: 00000246 ORIG_RAX: 000000000000009d
[74434.479027] RAX: ffffffffffffffda RBX: 00007ffea22f4ba0 RCX: 00007f666717848a
[74434.830283] RDX: 0000564ac331f120 RSI: 0000000000000002 RDI: 0000000000000016
[74435.253307] RBP: 00007ffea22f4c20 R08: 0000000000000000 R09: 0000000000000005
[74435.597768] R10: 00007f666717848a R11: 0000000000000246 R12: 0000564ac505d3c0
[74435.868458] R13: 0000000000000000 R14: 0000564ac505c990 R15: 0000000000000000
[74436.279463] Code: 74 5f 49 63 51 1c 31 f6 4c 89 ff 4c 89 4d d0 e8 60 b1 75 00 4c 8b 4d d0 eb 47 49 63 59 20 49 8b 39 48 8d 4a 01 4c 89 f8 4c 01 fb <48> 33 1b 49 33 99 40 01 00 00 65 48 0f c7 0f 0f 94 c0 84 c0 0f 
[74436.923758] RIP: kmem_cache_alloc_node_trace+0xd7/0x1d0 RSP: ffffab0ac0b1bc68
[74437.200251] ---[ end trace f67b930774929e99 ]---
[74437.277035] general protection fault: 0000 [#6] SMP PTI
[74437.349136] Modules linked in: vboxsf(OE) isofs input_leds serio_raw video vboxguest(OE) sch_fq_codel ib_iser rdma_cm iw_cm ib_cm ib_core iscsi_tcp libiscsi_tcp libiscsi scsi_transport_iscsi ip_tables x_tables autofs4 btrfs zstd_compress raid10 raid456 async_raid6_recov async_memcpy async_pq async_xor async_tx xor raid6_pq libcrc32c raid1 raid0 multipath linear crct10dif_pclmul crc32_pclmul ghash_clmulni_intel pcbc vboxvideo(OE) drm_kms_helper syscopyarea sysfillrect sysimgblt fb_sys_fops ttm aesni_intel mptspi scsi_transport_spi mptscsih aes_x86_64 crypto_simd glue_helper cryptd psmouse mptbase drm e1000
[74439.053595] CPU: 1 PID: 4660 Comm: sshd Tainted: G      D    OE    4.15.0-65-generic #74-Ubuntu
[74439.304571] Hardware name: innotek GmbH VirtualBox/VirtualBox, BIOS VirtualBox 12/01/2006
[74439.480202] RIP: 0010:kmem_cache_alloc_node_trace+0xd7/0x1d0
[74439.664509] RSP: 0018:ffffab0ac0b1bc68 EFLAGS: 00010202
[74439.758556] RAX: 15b662b287f40ff4 RBX: 15b662b287f40ff4 RCX: 00000000001a4609
[74439.988373] RDX: 00000000001a4608 RSI: 00000000014000c0 RDI: 00000000000270c0
[74440.168343] RBP: ffffab0ac0b1bca0 R08: ffff9172ffd270c0 R09: ffff9172fe003680
[74440.386189] R10: 0000000000000000 R11: 0000000000000001 R12: 00000000014000c0
[74440.656530] R13: 00000000ffffffff R14: ffff9172fe003680 R15: 15b662b287f40ff4
[74440.787815] FS:  00007f7366894900(0000) GS:ffff9172ffd00000(0000) knlGS:0000000000000000
[74441.011879] CS:  0010 DS: 0000 ES: 0000 CR0: 0000000080050033
[74441.139749] CR2: 00007f736470a480 CR3: 000000003c0c2005 CR4: 00000000000606e0
[74441.344120] Call Trace:
[74441.436930]  ? alloc_vmap_area+0x7a/0x360
[74441.584717]  alloc_vmap_area+0x7a/0x360
[74441.707102]  __get_vm_area_node+0xb7/0x140
[74441.756380]  __vmalloc_node_range+0x69/0x270
[74441.884456]  ? bpf_prog_alloc+0x4c/0xc0
[74441.952788]  __vmalloc+0x34/0x40
[74442.058685]  ? bpf_prog_alloc+0x4c/0xc0
[74442.128473]  bpf_prog_alloc+0x4c/0xc0
[74442.238679]  bpf_prog_create_from_user+0x5a/0x120
[74442.374222]  ? hardlockup_detector_perf_cleanup+0xa0/0xa0
[74442.530494]  do_seccomp+0x293/0x6d0
[74442.595629]  ? security_task_prctl+0xff/0x1d0
[74442.748421]  prctl_set_seccomp+0x24/0x50
[74442.890179]  SyS_prctl+0x29d/0x5f0
[74443.016840]  do_syscall_64+0x73/0x130
[74443.117966]  entry_SYSCALL_64_after_hwframe+0x3d/0xa2
[74443.248133] RIP: 0033:0x7f736470a48a
[74443.391069] RSP: 002b:00007fffec6d8e68 EFLAGS: 00000246 ORIG_RAX: 000000000000009d
[74443.589136] RAX: ffffffffffffffda RBX: 00007fffec6d8e70 RCX: 00007f736470a48a
[74443.763720] RDX: 000056509a7f3120 RSI: 0000000000000002 RDI: 0000000000000016
[74443.995612] RBP: 00007fffec6d8ef0 R08: 0000000000000000 R09: 0000000000000005
[74444.274978] R10: 00007f736470a48a R11: 0000000000000246 R12: 000056509b22a3c0
[74444.436115] R13: 0000000000000000 R14: 000056509b229990 R15: 0000000000000000
[74444.659846] Code: 74 5f 49 63 51 1c 31 f6 4c 89 ff 4c 89 4d d0 e8 60 b1 75 00 4c 8b 4d d0 eb 47 49 63 59 20 49 8b 39 48 8d 4a 01 4c 89 f8 4c 01 fb <48> 33 1b 49 33 99 40 01 00 00 65 48 0f c7 0f 0f 94 c0 84 c0 0f 
[74445.292883] RIP: kmem_cache_alloc_node_trace+0xd7/0x1d0 RSP: ffffab0ac0b1bc68
[74445.543200] ---[ end trace f67b930774929e9a ]---
[74445.652408] general protection fault: 0000 [#7] SMP PTI
[74445.820365] Modules linked in: vboxsf(OE) isofs input_leds serio_raw video vboxguest(OE) sch_fq_codel ib_iser rdma_cm iw_cm ib_cm ib_core iscsi_tcp libiscsi_tcp libiscsi scsi_transport_iscsi ip_tables x_tables autofs4 btrfs zstd_compress raid10 raid456 async_raid6_recov async_memcpy async_pq async_xor async_tx xor raid6_pq libcrc32c raid1 raid0 multipath linear crct10dif_pclmul crc32_pclmul ghash_clmulni_intel pcbc vboxvideo(OE) drm_kms_helper syscopyarea sysfillrect sysimgblt fb_sys_fops ttm aesni_intel mptspi scsi_transport_spi mptscsih aes_x86_64 crypto_simd glue_helper cryptd psmouse mptbase drm e1000
[74447.097759] CPU: 1 PID: 4663 Comm: sshd Tainted: G      D    OE    4.15.0-65-generic #74-Ubuntu
[74447.110878] Hardware name: innotek GmbH VirtualBox/VirtualBox, BIOS VirtualBox 12/01/2006
[74447.158631] RIP: 0010:kmem_cache_alloc_node_trace+0xd7/0x1d0
[74447.165564] RSP: 0018:ffffab0ac0b1bc68 EFLAGS: 00010202
[74447.172053] RAX: 15b662b287f40ff4 RBX: 15b662b287f40ff4 RCX: 00000000001a4609
[74447.173610] RDX: 00000000001a4608 RSI: 00000000014000c0 RDI: 00000000000270c0
[74447.175127] RBP: ffffab0ac0b1bca0 R08: ffff9172ffd270c0 R09: ffff9172fe003680
[74447.176631] R10: 0000000000000000 R11: 0000000000000001 R12: 00000000014000c0
[74447.188921] R13: 00000000ffffffff R14: ffff9172fe003680 R15: 15b662b287f40ff4
[74447.200806] FS:  00007f45472ee900(0000) GS:ffff9172ffd00000(0000) knlGS:0000000000000000
[74447.329812] CS:  0010 DS: 0000 ES: 0000 CR0: 0000000080050033
[74447.397376] CR2: 00007f4545164480 CR3: 000000003c0c2006 CR4: 00000000000606e0
[74447.400836] Call Trace:
[74447.401703]  ? alloc_vmap_area+0x7a/0x360
[74447.402911]  alloc_vmap_area+0x7a/0x360
[74447.404180]  __get_vm_area_node+0xb7/0x140
[74447.417151]  __vmalloc_node_range+0x69/0x270
[74447.488504]  ? bpf_prog_alloc+0x4c/0xc0
[74447.489620]  __vmalloc+0x34/0x40
[74447.490504]  ? bpf_prog_alloc+0x4c/0xc0
[74447.495206]  bpf_prog_alloc+0x4c/0xc0
[74447.496166]  bpf_prog_create_from_user+0x5a/0x120
[74447.497284]  ? hardlockup_detector_perf_cleanup+0xa0/0xa0
[74447.498549]  do_seccomp+0x293/0x6d0
[74447.506720]  ? security_task_prctl+0xff/0x1d0
[74447.538403]  prctl_set_seccomp+0x24/0x50
[74447.547314]  SyS_prctl+0x29d/0x5f0
[74447.548277]  do_syscall_64+0x73/0x130
[74447.549226]  entry_SYSCALL_64_after_hwframe+0x3d/0xa2
[74447.550422] RIP: 0033:0x7f454516448a
[74447.551326] RSP: 002b:00007ffd03b2dd48 EFLAGS: 00000246 ORIG_RAX: 000000000000009d
[74447.552832] RAX: ffffffffffffffda RBX: 00007ffd03b2dd50 RCX: 00007f454516448a
[74447.554319] RDX: 000056064440d120 RSI: 0000000000000002 RDI: 0000000000000016
[74447.612794] RBP: 00007ffd03b2ddd0 R08: 0000000000000000 R09: 0000000000000005
[74447.698335] R10: 00007f454516448a R11: 0000000000000246 R12: 0000560644b215e0
[74447.711981] R13: 0000000000000000 R14: 0000560644b1da50 R15: 0000000000000000
[74447.842627] Code: 74 5f 49 63 51 1c 31 f6 4c 89 ff 4c 89 4d d0 e8 60 b1 75 00 4c 8b 4d d0 eb 47 49 63 59 20 49 8b 39 48 8d 4a 01 4c 89 f8 4c 01 fb <48> 33 1b 49 33 99 40 01 00 00 65 48 0f c7 0f 0f 94 c0 84 c0 0f 
[74448.171921] RIP: kmem_cache_alloc_node_trace+0xd7/0x1d0 RSP: ffffab0ac0b1bc68
[74448.219947] ---[ end trace f67b930774929e9b ]---
